java : 
No linha:1 caractere:1
+ java -jar gradle/wrapper/
gradle-wrapper.jar help 
--stacktrace > build ...
+ ~~~~~~~~~~~~~~~~~~~~~~~~~
~~~~~~~~~~~~~~~~~~~~~~~~~~~
~~~~~~~~~~~~~~~~~
    + CategoryInfo         
     : NotSpecified: (:St  
  ring) [], RemoteExcept   
 ion
    + FullyQualifiedErrorI 
   d : NativeCommandError
 
FAILURE: Build failed with 
an exception.

* What went wrong:
25.0.1

* Try:
> Run with --info or 
--debug option to get more 
log output.
> Run with --scan to get 
full insights.
> Get more help at 
https://help.gradle.org.

* Exception is:
java.lang.IllegalArgumentEx
ception: 25.0.1
	at org.jetbrains.kotlin.co
m.intellij.util.lang.JavaVe
rsion.parse(JavaVersion.jav
a:305)
	at org.jetbrains.kotlin.co
m.intellij.util.lang.JavaVe
rsion.current(JavaVersion.j
ava:174)
	at org.jetbrains.kotlin.cl
i.jvm.modules.JavaVersionUt
ilsKt.isAtLeastJava9(javaVe
rsionUtils.kt:11)
	at org.jetbrains.kotlin.cl
i.jvm.modules.CoreJrtFileSy
stem$Companion$globalJrtFsC
ache$1.fun(CoreJrtFileSyste
m.kt:83)
	at org.jetbrains.kotlin.cl
i.jvm.modules.CoreJrtFileSy
stem$Companion$globalJrtFsC
ache$1.fun(CoreJrtFileSyste
m.kt:57)
	at org.jetbrains.kotlin.co
m.intellij.util.containers.
ConcurrentFactoryMap$2.crea
te(ConcurrentFactoryMap.jav
a:174)
	at org.jetbrains.kotlin.co
m.intellij.util.containers.
ConcurrentFactoryMap.get(Co
ncurrentFactoryMap.java:40)
	at org.jetbrains.kotlin.cl
i.jvm.modules.CoreJrtFileSy
stem$roots$1.fun(CoreJrtFil
eSystem.kt:34)
	at org.jetbrains.kotlin.cl
i.jvm.modules.CoreJrtFileSy
stem$roots$1.fun(CoreJrtFil
eSystem.kt:31)
	at org.jetbrains.kotlin.co
m.intellij.util.containers.
ConcurrentFactoryMap$2.crea
te(ConcurrentFactoryMap.jav
a:174)
	at org.jetbrains.kotlin.co
m.intellij.util.containers.
ConcurrentFactoryMap.get(Co
ncurrentFactoryMap.java:40)
	at org.jetbrains.kotlin.cl
i.jvm.modules.CoreJrtFileSy
stem.findFileByPath(CoreJrt
FileSystem.kt:42)
	at org.jetbrains.kotlin.cl
i.jvm.modules.CliJavaModule
Finder.<init>(CliJavaModule
Finder.kt:43)
	at org.jetbrains.kotlin.cl
i.jvm.compiler.KotlinCoreEn
vironment.<init>(KotlinCore
Environment.kt:208)
	at org.jetbrains.kotlin.cl
i.jvm.compiler.KotlinCoreEn
vironment.<init>(KotlinCore
Environment.kt:107)
	at org.jetbrains.kotlin.cl
i.jvm.compiler.KotlinCoreEn
vironment$Companion.createF
orProduction(KotlinCoreEnvi
ronment.kt:442)
	at org.gradle.kotlin.dsl.s
upport.KotlinCompilerKt$kot
linCoreEnvironmentFor$1.cre
ate(KotlinCompiler.kt:427)
	at org.gradle.kotlin.dsl.s
upport.KotlinCompilerKt$kot
linCoreEnvironmentFor$1.cre
ate(KotlinCompiler.kt:423)
	at org.gradle.internal.Sys
temProperties.withSystemPro
perty(SystemProperties.java
:123)
	at org.gradle.kotlin.dsl.s
upport.KotlinCompilerKt.kot
linCoreEnvironmentFor(Kotli
nCompiler.kt:423)
	at org.gradle.kotlin.dsl.s
upport.KotlinCompilerKt.com
pileKotlinScriptModuleTo(Ko
tlinCompiler.kt:183)
	at org.gradle.kotlin.dsl.s
upport.KotlinCompilerKt.com
pileKotlinScriptToDirectory
(KotlinCompiler.kt:147)
	at org.gradle.kotlin.dsl.e
xecution.ResidualProgramCom
piler$compileScript$1.invok
e(ResidualProgramCompiler.k
t:712)
	at org.gradle.kotlin.dsl.e
xecution.ResidualProgramCom
piler$compileScript$1.invok
e(ResidualProgramCompiler.k
t:711)
	at org.gradle.kotlin.dsl.p
rovider.StandardKotlinScrip
tEvaluator$InterpreterHost$
runCompileBuildOperation$1.
call(KotlinScriptEvaluator.
kt:187)
	at org.gradle.kotlin.dsl.p
rovider.StandardKotlinScrip
tEvaluator$InterpreterHost$
runCompileBuildOperation$1.
call(KotlinScriptEvaluator.
kt:184)
	at org.gradle.internal.ope
rations.DefaultBuildOperati
onRunner$CallableBuildOpera
tionWorker.execute(DefaultB
uildOperationRunner.java:20
4)
	at org.gradle.internal.ope
rations.DefaultBuildOperati
onRunner$CallableBuildOpera
tionWorker.execute(DefaultB
uildOperationRunner.java:19
9)
	at org.gradle.internal.ope
rations.DefaultBuildOperati
onRunner$2.execute(DefaultB
uildOperationRunner.java:66
)
	at org.gradle.internal.ope
rations.DefaultBuildOperati
onRunner$2.execute(DefaultB
uildOperationRunner.java:59
)
	at org.gradle.internal.ope
rations.DefaultBuildOperati
onRunner.execute(DefaultBui
ldOperationRunner.java:157)
	at org.gradle.internal.ope
rations.DefaultBuildOperati
onRunner.execute(DefaultBui
ldOperationRunner.java:59)
	at org.gradle.internal.ope
rations.DefaultBuildOperati
onRunner.call(DefaultBuildO
perationRunner.java:53)
	at org.gradle.internal.ope
rations.DefaultBuildOperati
onExecutor.call(DefaultBuil
dOperationExecutor.java:78)
	at org.gradle.kotlin.dsl.p
rovider.StandardKotlinScrip
tEvaluator$InterpreterHost.
runCompileBuildOperation(Ko
tlinScriptEvaluator.kt:184)
	at org.gradle.kotlin.dsl.e
xecution.Interpreter$compil
e$1$1$1$1.invoke(Interprete
r.kt:335)
	at org.gradle.kotlin.dsl.e
xecution.Interpreter$compil
e$1$1$1$1.invoke(Interprete
r.kt:335)
	at org.gradle.kotlin.dsl.e
xecution.ResidualProgramCom
piler.compileScript-C5AE47M
(ResidualProgramCompiler.kt
:711)
	at org.gradle.kotlin.dsl.e
xecution.ResidualProgramCom
piler.compileStage1-EfyMToc
(ResidualProgramCompiler.kt
:694)
	at org.gradle.kotlin.dsl.e
xecution.ResidualProgramCom
piler.emitStage1Sequence(Re
sidualProgramCompiler.kt:24
8)
	at org.gradle.kotlin.dsl.e
xecution.ResidualProgramCom
piler.emitStage1Sequence(Re
sidualProgramCompiler.kt:23
9)
	at org.gradle.kotlin.dsl.e
xecution.ResidualProgramCom
piler.emit(ResidualProgramC
ompiler.kt:199)
	at org.gradle.kotlin.dsl.e
xecution.ResidualProgramCom
piler.emit(ResidualProgramC
ompiler.kt:183)
	at org.gradle.kotlin.dsl.e
xecution.ResidualProgramCom
piler.access$emit(ResidualP
rogramCompiler.kt:84)
	at org.gradle.kotlin.dsl.e
xecution.ResidualProgramCom
piler$emitDynamicProgram$1$
1.invoke(ResidualProgramCom
piler.kt:124)
	at org.gradle.kotlin.dsl.e
xecution.ResidualProgramCom
piler$emitDynamicProgram$1$
1.invoke(ResidualProgramCom
piler.kt:122)
	at org.gradle.kotlin.dsl.e
xecution.ResidualProgramCom
piler$overrideExecute$1.inv
oke(ResidualProgramCompiler
.kt:547)
	at org.gradle.kotlin.dsl.e
xecution.ResidualProgramCom
piler$overrideExecute$1.inv
oke(ResidualProgramCompiler
.kt:546)
	at org.gradle.kotlin.dsl.s
upport.bytecode.AsmExtensio
nsKt.method(AsmExtensions.k
t:131)
	at org.gradle.kotlin.dsl.s
upport.bytecode.AsmExtensio
nsKt.publicMethod(AsmExtens
ions.kt:114)
	at org.gradle.kotlin.dsl.s
upport.bytecode.AsmExtensio
nsKt.publicMethod$default(A
smExtensions.kt:106)
	at org.gradle.kotlin.dsl.e
xecution.ResidualProgramCom
piler.overrideExecute(Resid
ualProgramCompiler.kt:546)
	at org.gradle.kotlin.dsl.e
xecution.ResidualProgramCom
piler.access$overrideExecut
e(ResidualProgramCompiler.k
t:84)
	at org.gradle.kotlin.dsl.e
xecution.ResidualProgramCom
piler$emitDynamicProgram$1.
invoke(ResidualProgramCompi
ler.kt:122)
	at org.gradle.kotlin.dsl.e
xecution.ResidualProgramCom
piler$emitDynamicProgram$1.
invoke(ResidualProgramCompi
ler.kt:120)
	at org.gradle.kotlin.dsl.e
xecution.ResidualProgramCom
piler$program$3.invoke(Resi
dualProgramCompiler.kt:672)
	at org.gradle.kotlin.dsl.e
xecution.ResidualProgramCom
piler$program$3.invoke(Resi
dualProgramCompiler.kt:670)
	at org.gradle.kotlin.dsl.s
upport.bytecode.AsmExtensio
nsKt.publicClass-7y5yvvE(As
mExtensions.kt:39)
	at org.gradle.kotlin.dsl.e
xecution.ResidualProgramCom
piler.program-5oOsWEo(Resid
ualProgramCompiler.kt:670)
	at org.gradle.kotlin.dsl.e
xecution.ResidualProgramCom
piler.access$program-5oOsWE
o(ResidualProgramCompiler.k
t:84)
	at org.gradle.kotlin.dsl.e
xecution.ResidualProgramCom
piler.emitDynamicProgram(Re
sidualProgramCompiler.kt:79
7)
	at org.gradle.kotlin.dsl.e
xecution.ResidualProgramCom
piler.compile(ResidualProgr
amCompiler.kt:103)
	at org.gradle.kotlin.dsl.e
xecution.Interpreter$compil
e$1.invoke(Interpreter.kt:3
38)
	at org.gradle.kotlin.dsl.e
xecution.Interpreter$compil
e$1.invoke(Interpreter.kt:3
01)
	at org.gradle.kotlin.dsl.p
rovider.CompileKotlinScript
.execute(KotlinScriptEvalua
tor.kt:417)
	at org.gradle.internal.exe
cution.steps.ExecuteStep.ex
ecuteInternal(ExecuteStep.j
ava:105)
	at org.gradle.internal.exe
cution.steps.ExecuteStep.ac
cess$000(ExecuteStep.java:4
4)
	at org.gradle.internal.exe
cution.steps.ExecuteStep$1.
call(ExecuteStep.java:59)
	at org.gradle.internal.exe
cution.steps.ExecuteStep$1.
call(ExecuteStep.java:56)
	at org.gradle.internal.ope
rations.DefaultBuildOperati
onRunner$CallableBuildOpera
tionWorker.execute(DefaultB
uildOperationRunner.java:20
4)
	at org.gradle.internal.ope
rations.DefaultBuildOperati
onRunner$CallableBuildOpera
tionWorker.execute(DefaultB
uildOperationRunner.java:19
9)
	at org.gradle.internal.ope
rations.DefaultBuildOperati
onRunner$2.execute(DefaultB
uildOperationRunner.java:66
)
	at org.gradle.internal.ope
rations.DefaultBuildOperati
onRunner$2.execute(DefaultB
uildOperationRunner.java:59
)
	at org.gradle.internal.ope
rations.DefaultBuildOperati
onRunner.execute(DefaultBui
ldOperationRunner.java:157)
	at org.gradle.internal.ope
rations.DefaultBuildOperati
onRunner.execute(DefaultBui
ldOperationRunner.java:59)
	at org.gradle.internal.ope
rations.DefaultBuildOperati
onRunner.call(DefaultBuildO
perationRunner.java:53)
	at org.gradle.internal.ope
rations.DefaultBuildOperati
onExecutor.call(DefaultBuil
dOperationExecutor.java:78)
	at org.gradle.internal.exe
cution.steps.ExecuteStep.ex
ecute(ExecuteStep.java:56)
	at org.gradle.internal.exe
cution.steps.ExecuteStep.ex
ecute(ExecuteStep.java:44)
	at org.gradle.internal.exe
cution.steps.RemovePrevious
OutputsStep.execute(RemoveP
reviousOutputsStep.java:67)
	at org.gradle.internal.exe
cution.steps.RemovePrevious
OutputsStep.execute(RemoveP
reviousOutputsStep.java:37)
	at org.gradle.internal.exe
cution.steps.TimeoutStep.ex
ecuteWithoutTimeout(Timeout
Step.java:74)
	at org.gradle.internal.exe
cution.steps.TimeoutStep.ex
ecute(TimeoutStep.java:55)
	at org.gradle.internal.exe
cution.steps.CreateOutputsS
tep.execute(CreateOutputsSt
ep.java:50)
	at org.gradle.internal.exe
cution.steps.CreateOutputsS
tep.execute(CreateOutputsSt
ep.java:28)
	at org.gradle.internal.exe
cution.steps.CaptureStateAf
terExecutionStep.executeDel
egateBroadcastingChanges(Ca
ptureStateAfterExecutionSte
p.java:100)
	at org.gradle.internal.exe
cution.steps.CaptureStateAf
terExecutionStep.execute(Ca
ptureStateAfterExecutionSte
p.java:72)
	at org.gradle.internal.exe
cution.steps.CaptureStateAf
terExecutionStep.execute(Ca
ptureStateAfterExecutionSte
p.java:50)
	at org.gradle.internal.exe
cution.steps.ResolveInputCh
angesStep.execute(ResolveIn
putChangesStep.java:40)
	at org.gradle.internal.exe
cution.steps.ResolveInputCh
angesStep.execute(ResolveIn
putChangesStep.java:29)
	at org.gradle.internal.exe
cution.steps.StoreExecution
StateStep.execute(StoreExec
utionStateStep.java:36)
	at org.gradle.internal.exe
cution.steps.StoreExecution
StateStep.execute(StoreExec
utionStateStep.java:25)
	at org.gradle.internal.exe
cution.steps.SkipUpToDateSt
ep.executeBecause(SkipUpToD
ateStep.java:91)
	at org.gradle.internal.exe
cution.steps.SkipUpToDateSt
ep.lambda$execute$2(SkipUpT
oDateStep.java:55)
	at org.gradle.internal.exe
cution.steps.SkipUpToDateSt
ep.execute(SkipUpToDateStep
.java:55)
	at org.gradle.internal.exe
cution.steps.SkipUpToDateSt
ep.execute(SkipUpToDateStep
.java:37)
	at org.gradle.internal.exe
cution.steps.ResolveChanges
Step.execute(ResolveChanges
Step.java:65)
	at org.gradle.internal.exe
cution.steps.ResolveChanges
Step.execute(ResolveChanges
Step.java:36)
	at org.gradle.api.internal
.artifacts.DependencyManage
mentBuildScopeServices$NoOp
CachingStateStep.execute(De
pendencyManagementBuildScop
eServices.java:533)
	at org.gradle.api.internal
.artifacts.DependencyManage
mentBuildScopeServices$NoOp
CachingStateStep.execute(De
pendencyManagementBuildScop
eServices.java:524)
	at org.gradle.internal.exe
cution.steps.ValidateStep.e
xecute(ValidateStep.java:10
8)
	at org.gradle.internal.exe
cution.steps.ValidateStep.e
xecute(ValidateStep.java:55
)
	at org.gradle.internal.exe
cution.steps.CaptureStateBe
foreExecutionStep.execute(C
aptureStateBeforeExecutionS
tep.java:71)
	at org.gradle.internal.exe
cution.steps.CaptureStateBe
foreExecutionStep.execute(C
aptureStateBeforeExecutionS
tep.java:45)
	at org.gradle.internal.exe
cution.steps.RemoveUntracke
dExecutionStateStep.execute
(RemoveUntrackedExecutionSt
ateStep.java:32)
	at org.gradle.internal.exe
cution.steps.RemoveUntracke
dExecutionStateStep.execute
(RemoveUntrackedExecutionSt
ateStep.java:21)
	at org.gradle.internal.exe
cution.steps.LoadPreviousEx
ecutionStateStep.execute(Lo
adPreviousExecutionStateSte
p.java:36)
	at org.gradle.internal.exe
cution.steps.LoadPreviousEx
ecutionStateStep.execute(Lo
adPreviousExecutionStateSte
p.java:23)
	at org.gradle.internal.exe
cution.steps.AssignWorkspac
eStep.lambda$execute$0(Assi
gnWorkspaceStep.java:32)
	at org.gradle.internal.exe
cution.workspace.impl.Defau
ltImmutableWorkspaceProvide
r.lambda$withWorkspace$3(De
faultImmutableWorkspaceProv
ider.java:140)
	at org.gradle.cache.intern
al.LockOnDemandCrossProcess
CacheAccess.withFileLock(Lo
ckOnDemandCrossProcessCache
Access.java:90)
	at org.gradle.cache.intern
al.DefaultCacheCoordinator.
withFileLock(DefaultCacheCo
ordinator.java:219)
	at org.gradle.cache.intern
al.DefaultPersistentDirecto
ryStore.withFileLock(Defaul
tPersistentDirectoryStore.j
ava:179)
	at org.gradle.cache.intern
al.DefaultCacheFactory$Refe
renceTrackingCache.withFile
Lock(DefaultCacheFactory.ja
va:214)
	at org.gradle.internal.exe
cution.workspace.impl.Defau
ltImmutableWorkspaceProvide
r.withWorkspace(DefaultImmu
tableWorkspaceProvider.java
:137)
	at org.gradle.kotlin.dsl.c
ache.KotlinDslWorkspaceProv
ider$subWorkspace$1.withWor
kspace(KotlinDslWorkspacePr
ovider.kt:63)
	at org.gradle.internal.exe
cution.steps.AssignWorkspac
eStep.execute(AssignWorkspa
ceStep.java:30)
	at org.gradle.internal.exe
cution.steps.AssignWorkspac
eStep.execute(AssignWorkspa
ceStep.java:21)
	at org.gradle.internal.exe
cution.steps.IdentityCacheS
tep.execute(IdentityCacheSt
ep.java:37)
	at org.gradle.internal.exe
cution.steps.IdentityCacheS
tep.execute(IdentityCacheSt
ep.java:27)
	at org.gradle.internal.exe
cution.steps.IdentifyStep.e
xecute(IdentifyStep.java:47
)
	at org.gradle.internal.exe
cution.steps.IdentifyStep.e
xecute(IdentifyStep.java:34
)
	at org.gradle.internal.exe
cution.impl.DefaultExecutio
nEngine$1.execute(DefaultEx
ecutionEngine.java:64)
	at org.gradle.kotlin.dsl.p
rovider.StandardKotlinScrip
tEvaluator$InterpreterHost.
cachedDirFor(KotlinScriptEv
aluator.kt:277)
	at org.gradle.kotlin.dsl.e
xecution.Interpreter.compil
e(Interpreter.kt:301)
	at org.gradle.kotlin.dsl.e
xecution.Interpreter.emitSp
ecializedProgramFor(Interpr
eter.kt:268)
	at org.gradle.kotlin.dsl.e
xecution.Interpreter.eval(I
nterpreter.kt:200)
	at org.gradle.kotlin.dsl.p
rovider.StandardKotlinScrip
tEvaluator.evaluate(KotlinS
criptEvaluator.kt:121)
	at org.gradle.kotlin.dsl.p
rovider.KotlinScriptPluginF
actory$create$1.invoke(Kotl
inScriptPluginFactory.kt:51
)
	at org.gradle.kotlin.dsl.p
rovider.KotlinScriptPluginF
actory$create$1.invoke(Kotl
inScriptPluginFactory.kt:48
)
	at org.gradle.kotlin.dsl.p
rovider.KotlinScriptPlugin.
apply(KotlinScriptPlugin.kt
:35)
	at org.gradle.configuratio
n.BuildOperationScriptPlugi
n$1.run(BuildOperationScrip
tPlugin.java:65)
	at org.gradle.internal.ope
rations.DefaultBuildOperati
onRunner$1.execute(DefaultB
uildOperationRunner.java:29
)
	at org.gradle.internal.ope
rations.DefaultBuildOperati
onRunner$1.execute(DefaultB
uildOperationRunner.java:26
)
	at org.gradle.internal.ope
rations.DefaultBuildOperati
onRunner$2.execute(DefaultB
uildOperationRunner.java:66
)
	at org.gradle.internal.ope
rations.DefaultBuildOperati
onRunner$2.execute(DefaultB
uildOperationRunner.java:59
)
	at org.gradle.internal.ope
rations.DefaultBuildOperati
onRunner.execute(DefaultBui
ldOperationRunner.java:157)
	at org.gradle.internal.ope
rations.DefaultBuildOperati
onRunner.execute(DefaultBui
ldOperationRunner.java:59)
	at org.gradle.internal.ope
rations.DefaultBuildOperati
onRunner.run(DefaultBuildOp
erationRunner.java:47)
	at org.gradle.internal.ope
rations.DefaultBuildOperati
onExecutor.run(DefaultBuild
OperationExecutor.java:73)
	at org.gradle.configuratio
n.BuildOperationScriptPlugi
n.lambda$apply$0(BuildOpera
tionScriptPlugin.java:62)
	at org.gradle.configuratio
n.internal.DefaultUserCodeA
pplicationContext.apply(Def
aultUserCodeApplicationCont
ext.java:44)
	at org.gradle.configuratio
n.BuildOperationScriptPlugi
n.apply(BuildOperationScrip
tPlugin.java:62)
	at org.gradle.initializati
on.ScriptEvaluatingSettings
Processor.applySettingsScri
pt(ScriptEvaluatingSettings
Processor.java:75)
	at org.gradle.initializati
on.ScriptEvaluatingSettings
Processor.process(ScriptEva
luatingSettingsProcessor.ja
va:68)
	at org.gradle.initializati
on.SettingsEvaluatedCallbac
kFiringSettingsProcessor.pr
ocess(SettingsEvaluatedCall
backFiringSettingsProcessor
.java:34)
	at org.gradle.initializati
on.RootBuildCacheController
SettingsProcessor.process(R
ootBuildCacheControllerSett
ingsProcessor.java:46)
	at org.gradle.initializati
on.BuildOperationSettingsPr
ocessor$2.call(BuildOperati
onSettingsProcessor.java:49
)
	at org.gradle.initializati
on.BuildOperationSettingsPr
ocessor$2.call(BuildOperati
onSettingsProcessor.java:46
)
	at org.gradle.internal.ope
rations.DefaultBuildOperati
onRunner$CallableBuildOpera
tionWorker.execute(DefaultB
uildOperationRunner.java:20
4)
	at org.gradle.internal.ope
rations.DefaultBuildOperati
onRunner$CallableBuildOpera
tionWorker.execute(DefaultB
uildOperationRunner.java:19
9)
	at org.gradle.internal.ope
rations.DefaultBuildOperati
onRunner$2.execute(DefaultB
uildOperationRunner.java:66
)
	at org.gradle.internal.ope
rations.DefaultBuildOperati
onRunner$2.execute(DefaultB
uildOperationRunner.java:59
)
	at org.gradle.internal.ope
rations.DefaultBuildOperati
onRunner.execute(DefaultBui
ldOperationRunner.java:157)
	at org.gradle.internal.ope
rations.DefaultBuildOperati
onRunner.execute(DefaultBui
ldOperationRunner.java:59)
	at org.gradle.internal.ope
rations.DefaultBuildOperati
onRunner.call(DefaultBuildO
perationRunner.java:53)
	at org.gradle.internal.ope
rations.DefaultBuildOperati
onExecutor.call(DefaultBuil
dOperationExecutor.java:78)
	at org.gradle.initializati
on.BuildOperationSettingsPr
ocessor.process(BuildOperat
ionSettingsProcessor.java:4
6)
	at org.gradle.initializati
on.DefaultSettingsLoader.fi
ndSettingsAndLoadIfAppropri
ate(DefaultSettingsLoader.j
ava:143)
	at org.gradle.initializati
on.DefaultSettingsLoader.fi
ndAndLoadSettings(DefaultSe
ttingsLoader.java:63)
	at org.gradle.initializati
on.SettingsAttachingSetting
sLoader.findAndLoadSettings
(SettingsAttachingSettingsL
oader.java:33)
	at org.gradle.internal.com
posite.CommandLineIncludedB
uildSettingsLoader.findAndL
oadSettings(CommandLineIncl
udedBuildSettingsLoader.jav
a:35)
	at org.gradle.internal.com
posite.ChildBuildRegisterin
gSettingsLoader.findAndLoad
Settings(ChildBuildRegister
ingSettingsLoader.java:44)
	at org.gradle.internal.com
posite.CompositeBuildSettin
gsLoader.findAndLoadSetting
s(CompositeBuildSettingsLoa
der.java:35)
	at org.gradle.initializati
on.InitScriptHandlingSettin
gsLoader.findAndLoadSetting
s(InitScriptHandlingSetting
sLoader.java:33)
	at org.gradle.api.internal
.initialization.CacheConfig
urationsHandlingSettingsLoa
der.findAndLoadSettings(Cac
heConfigurationsHandlingSet
tingsLoader.java:36)
	at org.gradle.initializati
on.GradlePropertiesHandling
SettingsLoader.findAndLoadS
ettings(GradlePropertiesHan
dlingSettingsLoader.java:38
)
	at org.gradle.initializati
on.DefaultSettingsPreparer.
prepareSettings(DefaultSett
ingsPreparer.java:31)
	at org.gradle.initializati
on.BuildOperationFiringSett
ingsPreparer$LoadBuild.doLo
adBuild(BuildOperationFirin
gSettingsPreparer.java:71)
	at org.gradle.initializati
on.BuildOperationFiringSett
ingsPreparer$LoadBuild.run(
BuildOperationFiringSetting
sPreparer.java:66)
	at org.gradle.internal.ope
rations.DefaultBuildOperati
onRunner$1.execute(DefaultB
uildOperationRunner.java:29
)
	at org.gradle.internal.ope
rations.DefaultBuildOperati
onRunner$1.execute(DefaultB
uildOperationRunner.java:26
)
	at org.gradle.internal.ope
rations.DefaultBuildOperati
onRunner$2.execute(DefaultB
uildOperationRunner.java:66
)
	at org.gradle.internal.ope
rations.DefaultBuildOperati
onRunner$2.execute(DefaultB
uildOperationRunner.java:59
)
	at org.gradle.internal.ope
rations.DefaultBuildOperati
onRunner.execute(DefaultBui
ldOperationRunner.java:157)
	at org.gradle.internal.ope
rations.DefaultBuildOperati
onRunner.execute(DefaultBui
ldOperationRunner.java:59)
	at org.gradle.internal.ope
rations.DefaultBuildOperati
onRunner.run(DefaultBuildOp
erationRunner.java:47)
	at org.gradle.internal.ope
rations.DefaultBuildOperati
onExecutor.run(DefaultBuild
OperationExecutor.java:73)
	at org.gradle.initializati
on.BuildOperationFiringSett
ingsPreparer.prepareSetting
s(BuildOperationFiringSetti
ngsPreparer.java:54)
	at org.gradle.initializati
on.VintageBuildModelControl
ler.lambda$prepareSettings$
1(VintageBuildModelControll
er.java:80)
	at org.gradle.internal.mod
el.StateTransitionControlle
r.lambda$doTransition$14(St
ateTransitionController.jav
a:255)
	at org.gradle.internal.mod
el.StateTransitionControlle
r.doTransition(StateTransit
ionController.java:266)
	at org.gradle.internal.mod
el.StateTransitionControlle
r.doTransition(StateTransit
ionController.java:254)
	at org.gradle.internal.mod
el.StateTransitionControlle
r.lambda$transitionIfNotPre
viously$11(StateTransitionC
ontroller.java:213)
	at org.gradle.internal.wor
k.DefaultSynchronizer.withL
ock(DefaultSynchronizer.jav
a:34)
	at org.gradle.internal.mod
el.StateTransitionControlle
r.transitionIfNotPreviously
(StateTransitionController.
java:209)
	at org.gradle.initializati
on.VintageBuildModelControl
ler.prepareSettings(Vintage
BuildModelController.java:8
0)
	at org.gradle.initializati
on.VintageBuildModelControl
ler.prepareToScheduleTasks(
VintageBuildModelController
.java:70)
	at org.gradle.internal.bui
ld.DefaultBuildLifecycleCon
troller.lambda$prepareToSch
eduleTasks$6(DefaultBuildLi
fecycleController.java:175)
	at org.gradle.internal.mod
el.StateTransitionControlle
r.lambda$doTransition$14(St
ateTransitionController.jav
a:255)
	at org.gradle.internal.mod
el.StateTransitionControlle
r.doTransition(StateTransit
ionController.java:266)
	at org.gradle.internal.mod
el.StateTransitionControlle
r.doTransition(StateTransit
ionController.java:254)
	at org.gradle.internal.mod
el.StateTransitionControlle
r.lambda$maybeTransition$9(
StateTransitionController.j
ava:190)
	at org.gradle.internal.wor
k.DefaultSynchronizer.withL
ock(DefaultSynchronizer.jav
a:34)
	at org.gradle.internal.mod
el.StateTransitionControlle
r.maybeTransition(StateTran
sitionController.java:186)
	at org.gradle.internal.bui
ld.DefaultBuildLifecycleCon
troller.prepareToScheduleTa
sks(DefaultBuildLifecycleCo
ntroller.java:173)
	at org.gradle.internal.bui
ldtree.DefaultBuildTreeWork
Preparer.scheduleRequestedT
asks(DefaultBuildTreeWorkPr
eparer.java:36)
	at org.gradle.configuratio
ncache.VintageBuildTreeWork
Controller$scheduleAndRunRe
questedTasks$1.apply(Vintag
eBuildTreeWorkController.kt
:36)
	at org.gradle.configuratio
ncache.VintageBuildTreeWork
Controller$scheduleAndRunRe
questedTasks$1.apply(Vintag
eBuildTreeWorkController.kt
:35)
	at org.gradle.composite.in
ternal.DefaultIncludedBuild
TaskGraph.withNewWorkGraph(
DefaultIncludedBuildTaskGra
ph.java:112)
	at org.gradle.configuratio
ncache.VintageBuildTreeWork
Controller.scheduleAndRunRe
questedTasks(VintageBuildTr
eeWorkController.kt:35)
	at org.gradle.internal.bui
ldtree.DefaultBuildTreeLife
cycleController.lambda$sche
duleAndRunTasks$1(DefaultBu
ildTreeLifecycleController.
java:68)
	at org.gradle.internal.bui
ldtree.DefaultBuildTreeLife
cycleController.lambda$runB
uild$4(DefaultBuildTreeLife
cycleController.java:98)
	at org.gradle.internal.mod
el.StateTransitionControlle
r.lambda$transition$6(State
TransitionController.java:1
69)
	at org.gradle.internal.mod
el.StateTransitionControlle
r.doTransition(StateTransit
ionController.java:266)
	at org.gradle.internal.mod
el.StateTransitionControlle
r.lambda$transition$7(State
TransitionController.java:1
69)
	at org.gradle.internal.wor
k.DefaultSynchronizer.withL
ock(DefaultSynchronizer.jav
a:44)
	at org.gradle.internal.mod
el.StateTransitionControlle
r.transition(StateTransitio
nController.java:169)
	at org.gradle.internal.bui
ldtree.DefaultBuildTreeLife
cycleController.runBuild(De
faultBuildTreeLifecycleCont
roller.java:95)
	at org.gradle.internal.bui
ldtree.DefaultBuildTreeLife
cycleController.scheduleAnd
RunTasks(DefaultBuildTreeLi
fecycleController.java:68)
	at org.gradle.internal.bui
ldtree.DefaultBuildTreeLife
cycleController.scheduleAnd
RunTasks(DefaultBuildTreeLi
fecycleController.java:63)
	at org.gradle.tooling.inte
rnal.provider.ExecuteBuildA
ctionRunner.run(ExecuteBuil
dActionRunner.java:31)
	at org.gradle.launcher.exe
c.ChainingBuildActionRunner
.run(ChainingBuildActionRun
ner.java:35)
	at org.gradle.internal.bui
ldtree.ProblemReportingBuil
dActionRunner.run(ProblemRe
portingBuildActionRunner.ja
va:49)
	at org.gradle.launcher.exe
c.BuildOutcomeReportingBuil
dActionRunner.run(BuildOutc
omeReportingBuildActionRunn
er.java:65)
	at org.gradle.tooling.inte
rnal.provider.FileSystemWat
chingBuildActionRunner.run(
FileSystemWatchingBuildActi
onRunner.java:140)
	at org.gradle.launcher.exe
c.BuildCompletionNotifyingB
uildActionRunner.run(BuildC
ompletionNotifyingBuildActi
onRunner.java:41)
	at org.gradle.launcher.exe
c.RootBuildLifecycleBuildAc
tionExecutor.lambda$execute
$0(RootBuildLifecycleBuildA
ctionExecutor.java:40)
	at org.gradle.composite.in
ternal.DefaultRootBuildStat
e.run(DefaultRootBuildState
.java:123)
	at org.gradle.launcher.exe
c.RootBuildLifecycleBuildAc
tionExecutor.execute(RootBu
ildLifecycleBuildActionExec
utor.java:40)
	at org.gradle.internal.bui
ldtree.InitDeprecationLoggi
ngActionExecutor.execute(In
itDeprecationLoggingActionE
xecutor.java:62)
	at org.gradle.internal.bui
ldtree.InitProblems.execute
(InitProblems.java:38)
	at org.gradle.internal.bui
ldtree.DefaultBuildTreeCont
ext.execute(DefaultBuildTre
eContext.java:40)
	at org.gradle.launcher.exe
c.BuildTreeLifecycleBuildAc
tionExecutor.lambda$execute
$0(BuildTreeLifecycleBuildA
ctionExecutor.java:65)
	at org.gradle.internal.bui
ldtree.BuildTreeState.run(B
uildTreeState.java:58)
	at org.gradle.launcher.exe
c.BuildTreeLifecycleBuildAc
tionExecutor.execute(BuildT
reeLifecycleBuildActionExec
utor.java:65)
	at org.gradle.launcher.exe
c.RunAsBuildOperationBuildA
ctionExecutor$3.call(RunAsB
uildOperationBuildActionExe
cutor.java:61)
	at org.gradle.launcher.exe
c.RunAsBuildOperationBuildA
ctionExecutor$3.call(RunAsB
uildOperationBuildActionExe
cutor.java:57)
	at org.gradle.internal.ope
rations.DefaultBuildOperati
onRunner$CallableBuildOpera
tionWorker.execute(DefaultB
uildOperationRunner.java:20
4)
	at org.gradle.internal.ope
rations.DefaultBuildOperati
onRunner$CallableBuildOpera
tionWorker.execute(DefaultB
uildOperationRunner.java:19
9)
	at org.gradle.internal.ope
rations.DefaultBuildOperati
onRunner$2.execute(DefaultB
uildOperationRunner.java:66
)
	at org.gradle.internal.ope
rations.DefaultBuildOperati
onRunner$2.execute(DefaultB
uildOperationRunner.java:59
)
	at org.gradle.internal.ope
rations.DefaultBuildOperati
onRunner.execute(DefaultBui
ldOperationRunner.java:157)
	at org.gradle.internal.ope
rations.DefaultBuildOperati
onRunner.execute(DefaultBui
ldOperationRunner.java:59)
	at org.gradle.internal.ope
rations.DefaultBuildOperati
onRunner.call(DefaultBuildO
perationRunner.java:53)
	at org.gradle.internal.ope
rations.DefaultBuildOperati
onExecutor.call(DefaultBuil
dOperationExecutor.java:78)
	at org.gradle.launcher.exe
c.RunAsBuildOperationBuildA
ctionExecutor.execute(RunAs
BuildOperationBuildActionEx
ecutor.java:57)
	at org.gradle.launcher.exe
c.RunAsWorkerThreadBuildAct
ionExecutor.lambda$execute$
0(RunAsWorkerThreadBuildAct
ionExecutor.java:36)
	at org.gradle.internal.wor
k.DefaultWorkerLeaseService
.withLocks(DefaultWorkerLea
seService.java:264)
	at org.gradle.internal.wor
k.DefaultWorkerLeaseService
.runAsWorkerThread(DefaultW
orkerLeaseService.java:128)
	at org.gradle.launcher.exe
c.RunAsWorkerThreadBuildAct
ionExecutor.execute(RunAsWo
rkerThreadBuildActionExecut
or.java:36)
	at org.gradle.tooling.inte
rnal.provider.continuous.Co
ntinuousBuildActionExecutor
.execute(ContinuousBuildAct
ionExecutor.java:110)
	at org.gradle.tooling.inte
rnal.provider.SubscribableB
uildActionExecutor.execute(
SubscribableBuildActionExec
utor.java:64)
	at org.gradle.internal.ses
sion.DefaultBuildSessionCon
text.execute(DefaultBuildSe
ssionContext.java:46)
	at org.gradle.tooling.inte
rnal.provider.BuildSessionL
ifecycleBuildActionExecuter
$ActionImpl.apply(BuildSess
ionLifecycleBuildActionExec
uter.java:92)
	at org.gradle.tooling.inte
rnal.provider.BuildSessionL
ifecycleBuildActionExecuter
$ActionImpl.apply(BuildSess
ionLifecycleBuildActionExec
uter.java:80)
	at org.gradle.internal.ses
sion.BuildSessionState.run(
BuildSessionState.java:69)
	at org.gradle.tooling.inte
rnal.provider.BuildSessionL
ifecycleBuildActionExecuter
.execute(BuildSessionLifecy
cleBuildActionExecuter.java
:62)
	at org.gradle.tooling.inte
rnal.provider.BuildSessionL
ifecycleBuildActionExecuter
.execute(BuildSessionLifecy
cleBuildActionExecuter.java
:41)
	at org.gradle.tooling.inte
rnal.provider.StartParamsVa
lidatingActionExecuter.exec
ute(StartParamsValidatingAc
tionExecuter.java:64)
	at org.gradle.tooling.inte
rnal.provider.StartParamsVa
lidatingActionExecuter.exec
ute(StartParamsValidatingAc
tionExecuter.java:32)
	at org.gradle.tooling.inte
rnal.provider.SessionFailur
eReportingActionExecuter.ex
ecute(SessionFailureReporti
ngActionExecuter.java:51)
	at org.gradle.tooling.inte
rnal.provider.SessionFailur
eReportingActionExecuter.ex
ecute(SessionFailureReporti
ngActionExecuter.java:39)
	at org.gradle.tooling.inte
rnal.provider.SetupLoggingA
ctionExecuter.execute(Setup
LoggingActionExecuter.java:
47)
	at org.gradle.tooling.inte
rnal.provider.SetupLoggingA
ctionExecuter.execute(Setup
LoggingActionExecuter.java:
31)
	at org.gradle.launcher.dae
mon.server.exec.ExecuteBuil
d.doBuild(ExecuteBuild.java
:65)
	at org.gradle.launcher.dae
mon.server.exec.BuildComman
dOnly.execute(BuildCommandO
nly.java:37)
	at org.gradle.launcher.dae
mon.server.api.DaemonComman
dExecution.proceed(DaemonCo
mmandExecution.java:104)
	at org.gradle.launcher.dae
mon.server.exec.WatchForDis
connection.execute(WatchFor
Disconnection.java:39)
	at org.gradle.launcher.dae
mon.server.api.DaemonComman
dExecution.proceed(DaemonCo
mmandExecution.java:104)
	at org.gradle.launcher.dae
mon.server.exec.ResetDeprec
ationLogger.execute(ResetDe
precationLogger.java:29)
	at org.gradle.launcher.dae
mon.server.api.DaemonComman
dExecution.proceed(DaemonCo
mmandExecution.java:104)
	at org.gradle.launcher.dae
mon.server.exec.RequestStop
IfSingleUsedDaemon.execute(
RequestStopIfSingleUsedDaem
on.java:35)
	at org.gradle.launcher.dae
mon.server.api.DaemonComman
dExecution.proceed(DaemonCo
mmandExecution.java:104)
	at org.gradle.launcher.dae
mon.server.exec.ForwardClie
ntInput$2.create(ForwardCli
entInput.java:78)
	at org.gradle.launcher.dae
mon.server.exec.ForwardClie
ntInput$2.create(ForwardCli
entInput.java:75)
	at org.gradle.util.interna
l.Swapper.swap(Swapper.java
:38)
	at org.gradle.launcher.dae
mon.server.exec.ForwardClie
ntInput.execute(ForwardClie
ntInput.java:75)
	at org.gradle.launcher.dae
mon.server.api.DaemonComman
dExecution.proceed(DaemonCo
mmandExecution.java:104)
	at org.gradle.launcher.dae
mon.server.exec.LogAndCheck
Health.execute(LogAndCheckH
ealth.java:64)
	at org.gradle.launcher.dae
mon.server.api.DaemonComman
dExecution.proceed(DaemonCo
mmandExecution.java:104)
	at org.gradle.launcher.dae
mon.server.exec.LogToClient
.doBuild(LogToClient.java:6
3)
	at org.gradle.launcher.dae
mon.server.exec.BuildComman
dOnly.execute(BuildCommandO
nly.java:37)
	at org.gradle.launcher.dae
mon.server.api.DaemonComman
dExecution.proceed(DaemonCo
mmandExecution.java:104)
	at org.gradle.launcher.dae
mon.server.exec.EstablishBu
ildEnvironment.doBuild(Esta
blishBuildEnvironment.java:
84)
	at org.gradle.launcher.dae
mon.server.exec.BuildComman
dOnly.execute(BuildCommandO
nly.java:37)
	at org.gradle.launcher.dae
mon.server.api.DaemonComman
dExecution.proceed(DaemonCo
mmandExecution.java:104)
	at org.gradle.launcher.dae
mon.server.exec.StartBuildO
rRespondWithBusy$1.run(Star
tBuildOrRespondWithBusy.jav
a:52)
	at org.gradle.launcher.dae
mon.server.DaemonStateCoord
inator$1.run(DaemonStateCoo
rdinator.java:297)
	at org.gradle.internal.con
current.ExecutorPolicy$Catc
hAndRecordFailures.onExecut
e(ExecutorPolicy.java:64)
	at org.gradle.internal.con
current.AbstractManagedExec
utor$1.run(AbstractManagedE
xecutor.java:47)


BUILD FAILED in 1s
