> Task :app:checkKotlinGradlePluginConfigurationErrors
> Task :app:preBuild UP-TO-DATE
> Task :app:preDebugBuild UP-TO-DATE
> Task :app:checkDebugAarMetadata UP-TO-DATE
> Task :app:generateDebugResValues UP-TO-DATE
> Task :app:mapDebugSourceSetPaths UP-TO-DATE
> Task :app:generateDebugResources UP-TO-DATE
> Task :app:mergeDebugResources UP-TO-DATE
> Task :app:packageDebugResources UP-TO-DATE
> Task :app:parseDebugLocalResources UP-TO-DATE
> Task :app:createDebugCompatibleScreenManifests UP-TO-DATE
> Task :app:extractDeepLinksDebug UP-TO-DATE
> Task :app:processDebugMainManifest UP-TO-DATE
> Task :app:processDebugManifest UP-TO-DATE
> Task :app:processDebugManifestForPackage UP-TO-DATE
> Task :app:processDebugResources UP-TO-DATE
> Task :app:kspDebugKotlin UP-TO-DATE

> Task :app:compileDebugKotlin
./gradlew : e: file:///C:/U
sers/escola/AndroidStudioPr
ojects/appgestaoitems/app/s
rc/main/java/com/app/stockm
aster/MainActivity.kt:16:28
 Unresolved reference: 
BuildConfig
No linha:1 caractere:1
+ ./gradlew 
:app:compileDebugKotlin 
2>&1 | tee build_errors.txt
+ ~~~~~~~~~~~~~~~~~~~~~~~~~
~~~~~~~~~~~~~
    + CategoryInfo         
     : NotSpecified: (e:   
  file:///C:/U...ce: Bui   
 ldConfig:String) [], R    
emoteException
    + FullyQualifiedErrorI 
   d : NativeCommandError
 
e: file:///C:/Users/escola/
AndroidStudioProjects/appge
staoitems/app/src/main/java
/com/app/stockmaster/MainAc
tivity.kt:55:54 Unresolved 
reference: BuildConfig

FAILURE: Build failed with 
an exception.

* What went wrong:
Execution failed for task 
':app:compileDebugKotlin'.
> A failure occurred while 
executing org.jetbrains.kot
lin.compilerRunner.GradleCo
mpilerRunnerWithWorkers$Gra
dleKotlinCompilerWorkAction
   > Compilation error. 
See log for more details

* Try:
> Run with --stacktrace 
option to get the stack 
trace.
> Run with --info or 
--debug option to get more 
log output.
> Run with --scan to get 
full insights.
> Get more help at 
https://help.gradle.org.

BUILD FAILED in 13s

> Task :app:compileDebugKotlin FAILED
16 actionable tasks: 2 executed, 14 up-to-date
